make[2]: CMakeFiles/Engine.dir/build.make: No such file or directory
make[2]: *** No rule to make target `CMakeFiles/Engine.dir/build.make'.  Stop.
make[1]: *** [CMakeFiles/Engine.dir/all] Error 2
make: *** [all] Error 2
